Copyright (c) 1992-2009 The FreeBSD Project.
Copyright (c) 1979, 1980, 1983, 1986, 1988, 1989, 1991, 1992, 1993, 1994
	The Regents of the University of California. All rights reserved.
FreeBSD is a registered trademark of The FreeBSD Foundation.
FreeBSD 7.1-RELEASE #0: Thu Jan  1 14:37:25 UTC 2009
    root@logan.cse.buffalo.edu:/usr/obj/usr/src/sys/GENERIC
Timecounter "i8254" frequency 1193182 Hz quality 0
CPU: Intel(R) Xeon(R) CPU E3-1230 v3 @ 3.30GHz (3299.25-MHz 686-class CPU)
  Origin = "GenuineIntel"  Id = 0x306c3  Stepping = 3
  Features=0xfabfbff<FPU,VME,DE,PSE,TSC,MSR,PAE,MCE,CX8,APIC,SEP,MTRR,PGE,MCA,CMOV,PAT,PSE36,CLFLUSH,DTS,MMX,FXSR,SSE,SSE2,SS>
  Features2=0xf7fa3203<SSE3,<b1>,SSSE3,<b12>,CX16,<b17>,SSE4.1,SSE4.2,x2APIC,<b22>,POPCNT,<b24>,<b25>,<b26>,<b28>,<b29>,<b30>,<b31>>
  AMD Features=0x2c100000<NX,Page1GB,RDTSCP,LM>
  AMD Features2=0x21<LAHF,<b5>>
real memory  = 2147483648 (2048 MB)
avail memory = 2091778048 (1994 MB)
ACPI APIC Table: <PTLTD  	 APIC  >
MADT: Forcing active-low polarity and level trigger for SCI
ioapic0 <Version 1.1> irqs 0-23 on motherboard
kbd1 at kbdmux0
ath_hal: 0.9.20.3 (AR5210, AR5211, AR5212, RF5111, RF5112, RF2413, RF5413)
acpi0: <INTEL 440BX> on motherboard
acpi0: [ITHREAD]
acpi0: Power Button (fixed)
Timecounter "HPET" frequency 14318180 Hz quality 900
Timecounter "ACPI-safe" frequency 3579545 Hz quality 850
acpi_timer0: <24-bit timer at 3.579545MHz> port 0x1008-0x100b on acpi0
pcib0: <ACPI Host-PCI bridge> port 0xcf8-0xcff on acpi0
pci0: <ACPI PCI bus> on pcib0
pcib1: <ACPI PCI-PCI bridge> at device 1.0 on pci0
pci1: <ACPI PCI bus> on pcib1
isab0: <PCI-ISA bridge> at device 7.0 on pci0
isa0: <ISA bus> on isab0
atapci0: <Intel PIIX4 UDMA33 controller> port 0x1f0-0x1f7,0x3f6,0x170-0x177,0x376,0x1060-0x106f at device 7.1 on pci0
ata0: <ATA channel 0> on atapci0
ata0: [ITHREAD]
ata1: <ATA channel 1> on atapci0
ata1: [ITHREAD]
pci0: <bridge> at device 7.3 (no driver attached)
pci0: <base peripheral> at device 7.7 (no driver attached)
vgapci0: <VGA-compatible display> port 0x1070-0x107f mem 0xe8000000-0xefffffff,0xfe000000-0xfe7fffff irq 16 at device 15.0 on pci0
mpt0: <LSILogic 1030 Ultra4 Adapter> port 0x1400-0x14ff mem 0xfeba0000-0xfebbffff,0xfebc0000-0xfebdffff irq 17 at device 16.0 on pci0
mpt0: [ITHREAD]
mpt0: MPI Version=1.2.0.0
pcib2: <ACPI PCI-PCI bridge> at device 17.0 on pci0
pci2: <ACPI PCI bus> on pcib2
em0: <Intel(R) PRO/1000 Network Connection 6.9.6> port 0x2000-0x203f mem 0xfd5c0000-0xfd5dffff,0xfdff0000-0xfdffffff irq 19 at device 1.0 on pci2
em0: [FILTER]
em0: Ethernet address: 00:0c:29:cb:12:49
pcib3: <ACPI PCI-PCI bridge> at device 21.0 on pci0
pci3: <ACPI PCI bus> on pcib3
pcib4: <ACPI PCI-PCI bridge> at device 21.1 on pci0
pci4: <ACPI PCI bus> on pcib4
pcib5: <ACPI PCI-PCI bridge> at device 21.2 on pci0
pci5: <ACPI PCI bus> on pcib5
pcib6: <ACPI PCI-PCI bridge> at device 21.3 on pci0
pci6: <ACPI PCI bus> on pcib6
pcib7: <ACPI PCI-PCI bridge> at device 21.4 on pci0
pci7: <ACPI PCI bus> on pcib7
pcib8: <ACPI PCI-PCI bridge> at device 21.5 on pci0
pci8: <ACPI PCI bus> on pcib8
pcib9: <ACPI PCI-PCI bridge> at device 21.6 on pci0
pci9: <ACPI PCI bus> on pcib9
pcib10: <ACPI PCI-PCI bridge> at device 21.7 on pci0
pci10: <ACPI PCI bus> on pcib10
pcib11: <ACPI PCI-PCI bridge> at device 22.0 on pci0
pci11: <ACPI PCI bus> on pcib11
pcib12: <ACPI PCI-PCI bridge> at device 22.1 on pci0
pci12: <ACPI PCI bus> on pcib12
pcib13: <ACPI PCI-PCI bridge> at device 22.2 on pci0
pci13: <ACPI PCI bus> on pcib13
pcib14: <ACPI PCI-PCI bridge> at device 22.3 on pci0
pci14: <ACPI PCI bus> on pcib14
pcib15: <ACPI PCI-PCI bridge> at device 22.4 on pci0
pci15: <ACPI PCI bus> on pcib15
pcib16: <ACPI PCI-PCI bridge> at device 22.5 on pci0
pci16: <ACPI PCI bus> on pcib16
pcib17: <ACPI PCI-PCI bridge> at device 22.6 on pci0
pci17: <ACPI PCI bus> on pcib17
pcib18: <ACPI PCI-PCI bridge> at device 22.7 on pci0
pci18: <ACPI PCI bus> on pcib18
pcib19: <ACPI PCI-PCI bridge> at device 23.0 on pci0
pci19: <ACPI PCI bus> on pcib19
pcib20: <ACPI PCI-PCI bridge> at device 23.1 on pci0
pci20: <ACPI PCI bus> on pcib20
pcib21: <ACPI PCI-PCI bridge> at device 23.2 on pci0
pci21: <ACPI PCI bus> on pcib21
pcib22: <ACPI PCI-PCI bridge> at device 23.3 on pci0
pci22: <ACPI PCI bus> on pcib22
pcib23: <ACPI PCI-PCI bridge> at device 23.4 on pci0
pci23: <ACPI PCI bus> on pcib23
pcib24: <ACPI PCI-PCI bridge> at device 23.5 on pci0
pci24: <ACPI PCI bus> on pcib24
pcib25: <ACPI PCI-PCI bridge> at device 23.6 on pci0
pci25: <ACPI PCI bus> on pcib25
pcib26: <ACPI PCI-PCI bridge> at device 23.7 on pci0
pci26: <ACPI PCI bus> on pcib26
pcib27: <ACPI PCI-PCI bridge> at device 24.0 on pci0
pci27: <ACPI PCI bus> on pcib27
pcib28: <ACPI PCI-PCI bridge> at device 24.1 on pci0
pci28: <ACPI PCI bus> on pcib28
pcib29: <ACPI PCI-PCI bridge> at device 24.2 on pci0
pci29: <ACPI PCI bus> on pcib29
pcib30: <ACPI PCI-PCI bridge> at device 24.3 on pci0
pci30: <ACPI PCI bus> on pcib30
pcib31: <ACPI PCI-PCI bridge> at device 24.4 on pci0
pci31: <ACPI PCI bus> on pcib31
pcib32: <ACPI PCI-PCI bridge> at device 24.5 on pci0
pci32: <ACPI PCI bus> on pcib32
pcib33: <ACPI PCI-PCI bridge> at device 24.6 on pci0
pci33: <ACPI PCI bus> on pcib33
pcib34: <ACPI PCI-PCI bridge> at device 24.7 on pci0
pci34: <ACPI PCI bus> on pcib34
acpi_acad0: <AC Adapter> on acpi0
atkbdc0: <Keyboard controller (i8042)> port 0x60,0x64 irq 1 on acpi0
atkbd0: <AT Keyboard> irq 1 on atkbdc0
kbd0 at atkbd0
atkbd0: [GIANT-LOCKED]
atkbd0: [ITHREAD]
psm0: <PS/2 Mouse> irq 12 on atkbdc0
psm0: [GIANT-LOCKED]
psm0: [ITHREAD]
psm0: model IntelliMouse, device ID 3
cpu0: <ACPI CPU> on acpi0
acpi_throttle0: <ACPI CPU Throttling> on cpu0
pmtimer0 on isa0
orm0: <ISA Option ROMs> at iomem 0xc0000-0xc7fff,0xc8000-0xc8fff,0xdc000-0xdffff,0xe0000-0xe7fff pnpid ORM0000 on isa0
ppc0: parallel port not found.
sc0: <System console> at flags 0x100 on isa0
sc0: VGA <16 virtual consoles, flags=0x300>
sio0: configured irq 4 not in bitmap of probed irqs 0
sio0: port may not be enabled
sio0: configured irq 4 not in bitmap of probed irqs 0
sio0: port may not be enabled
sio0 at port 0x3f8-0x3ff irq 4 flags 0x10 on isa0
sio0: type 8250 or not responding
sio0: [FILTER]
sio1: configured irq 3 not in bitmap of probed irqs 0
sio1: port may not be enabled
vga0: <Generic ISA VGA> at port 0x3c0-0x3df iomem 0xa0000-0xbffff on isa0
Timecounter "TSC" frequency 3299253695 Hz quality 800
Timecounters tick every 1.000 msec
ad0: 20480MB <VMware Virtual IDE Hard Drive 00000001> at ata0-master UDMA33
ad1: 4096MB <VMware Virtual IDE Hard Drive 00000001> at ata0-slave UDMA33
ad2: 1024MB <VMware Virtual IDE Hard Drive 00000001> at ata1-master UDMA33
Waiting 5 seconds for SCSI devices to settle
Trying to mount root from ufs:/dev/ad0s1a
Loading configuration files.
No suitable dump device was found.
Entropy harvesting:
 interrupts
 ethernet
 point_to_point
 kickstart
.
Starting file system checks:
/dev/ad0s1a: FILE SYSTEM CLEAN; SKIPPING CHECKS
/dev/ad0s1a: clean, 9164180 free (95316 frags, 1133608 blocks, 0.9% fragmentation)
Setting hostuuid: 564d8432-29dc-3341-364b-214378cb1249.
Setting hostid: 0x3182c20e.
Mounting local file systems:
.
/etc/rc: WARNING: $hostname is not set -- see rc.conf(5).
net.inet6.ip6.auto_linklocal: 
1
 -> 
0

lo0: flags=8049<UP,LOOPBACK,RUNNING,MULTICAST> metric 0 mtu 16384
	inet6 fe80::1%lo0 prefixlen 64 scopeid 0x2 
	inet6 ::1 prefixlen 128 
	inet 127.0.0.1 netmask 0xff000000 
Additional routing options:
.
Starting devd.
hw.acpi.cpu.cx_lowest: 
C1
 -> 
C1

Additional IP options:
.
Mounting NFS file systems:
.
Creating and/or trimming log files:
.
Starting syslogd.
/etc/rc: WARNING: Dump device does not exist.  Savecore not run.
ELF ldconfig path: /lib /usr/lib /usr/lib/compat /usr/local/lib
a.out ldconfig path: /usr/lib/aout /usr/lib/compat/aout
Initial i386 initialization:
.
Additional ABI support:
.
Clearing /tmp (X related).
Starting local daemons:
.
Updating motd
.
Mounting late file systems:
.
Configuring syscons:
 blanktime
.
Starting sshd.
Starting cron.
Local package initialization:
.
Starting background file system checks in 60 seconds.

Sun Oct 11 17:11:26 UTC 2015
Oct 11 17:13:02  login: ROOT LOGIN (root) ON ttyv0
